const	ACTIVE_STEP	=	"#active-step";
const	ACTIVES_STEP_BOTTOM	=	"#active-step-bottom";
const	ACTIVE_STEP_TOP	=	"#active-step-top";
const	ADD_STEP_BOTTOM	=	"#add-step-bottom";
const	BTN_ADD_STEP_BOTTOM	=	"#add-step-bottom-button";
const	ADD_STEP_TOP	=	"#add-step-top";
const	BTN_ADD_STEP_TOP	=	"#add-step-top-button";
const	BTN_EN	=	"#button-EN";
const	BTN_NL	=	"#button-NL";
const	BTN_DERIVATIONDONE	=	"#derivationdone";
const	EQUIVSIGN	=	"#equivsign";
const	EXERCISE	=	"#exercise";
const	FORMULA	=	"#formula";
const	FORMULA1	=	"#formula1";
const	FORMULA2	=	"#formula2";
const	BTN_GENERATEEXERCISENORMAL	=	"#generate-exercise-normal";
const	LBL_RULEJUSTIFICATION	=	"#lblRuleJustification";
const	LBL_STEPVALIDATION	=	"#lblStepValidation";
const	BTN_LOGOUT	=	"#logout";
const	BTN_NEWEXERCISE	=	"#newexercise";
const	BTN_OK	=	"#ok";
const	BTN_OK_BOTTOM	=	"#ok-bottom";
const	BTN_OK_TOP	=	"#ok-top";
const	BTN_PROOFDONE	=	"#proofdone";
const	RULE	=	"#rule";
const	RULE_BOTTOM	=	"#rule-bottom";
const	RULE_TOP	=	"#rule-top";
const	SWITCH_RULE	=	"#ruleswitch";
const	BTN_SHOWHINT	=	"#show-hint";
const	BTN_SHOW_NEXT_STEP	=	"#show-next-step";
const	BTN_SHOWDERIVATION	=	"#showderivation";
const	BTN_SHOWPROOF	=	"#showproof";
const	BTN_SOLVEEXERCISE	=	"#solve-exercise";
const	SWITCH_VALIDATION	=	"#stepvalidationswitch";
const	TOGGLE_HINT1	=	"#toggle-hint1";
const	TOGGLE_HINT2	=	"#toggle-hint2";
const	BTN_VALIDATE_EXERCISE	=	"#validate-exercise";
const	BTN_VALIDATESTEP	=	"#validate-step";
const	BTN_VALIDATE_STEP_BOTTOM	=	"#validate-step-bottom";
const	BTN_VALIDATE_STEP_TOP	=	"#validate-step-top";
const	WAIT_EXERCISE	=	"#wait-exercise";
const	REMOVE_BUTTON_STEP	=	".remove-bottom-step";
const	REMOVE_TOP_STEP	=	".remove-top-step";
const	RETRY_FORMULA	=	".retryFormula";
const	RETRY_RULE	=	".retryRule";
const	ICO_KEY	=	"icon-key";
const	ICO_OK	=	"icon-ok";
const	ICO_REFRESH	=	"icon-refresh";
const	ICO_SIGNOUT	=	"icon-signout";
const	VALSETOFFLABEL	=	"setOffLabel";
const	VAL_SETONLABEL	=	"setOnLabel";
